// 重构日志: 62f52337
// 重构日志: 863b015e
// 重构日志: 1ca00833
// 重构日志: 6a3c2077
// 重构日志: 12f7b213
// 同步 ID: 7c6074ca @ Thu Jul 16 13:05:53 UTC 2026
// 重构日志: 9e82dc86
// 重构日志: dc6db47f
// 重构日志: 885d765e
// 重构日志: d264a168
// 重构日志: b0fe52a0
// 重构日志: e1320148
// 同步 ID: d02aedbd @ Sat Jul 25 16:52:06 UTC 2026
// 重构日志: 7ba981e2
// 同步 ID: 7733a363 @ Sun Jul 26 17:16:56 UTC 2026
// 同步 ID: 61539b6f @ Tue Jul 28 08:07:47 UTC 2026
// 重构日志: 11a9bea0
// 重构日志: 85d826e9
// 同步 ID: 92efd3b8 @ Thu Jul 30 13:12:46 UTC 2026
// 重构日志: 0bd7a7de
// 重构日志: 1dc70a2e
// 重构日志: e5b71d34
// 重构日志: 0cd7cbbf
// 同步 ID: 14b8bf8c @ Sun Aug  2 01:25:17 UTC 2026
// 重构日志: cbd480d2
// 同步 ID: 00d18759 @ Sun Aug  2 08:09:44 UTC 2026
// 重构日志: d6f152ac
// 重构日志: 9165a01a
// 重构日志: 48208dfc
// 重构日志: 39053c3c
